{"id":"1","test_id":"1","type":"group","type_id":"1","custom_duration":"5420"}