[{"test_id":"1","group_id":"1"},{"test_id":"1","group_id":"2"}]